Release 14.7 - xst P.20131013 (nt64)
Copyright (c) 1995-2013 Xilinx, Inc.  All rights reserved.
--> Parameter TMPDIR set to xst/projnav.tmp


Total REAL time to Xst completion: 0.00 secs
Total CPU time to Xst completion: 0.14 secs
 
--> Parameter xsthdpdir set to xst


Total REAL time to Xst completion: 0.00 secs
Total CPU time to Xst completion: 0.14 secs
 
--> Reading design: bit_adder.prj

TABLE OF CONTENTS
  1) Synthesis Options Summary
  2) HDL Parsing
  3) HDL Elaboration
  4) HDL Synthesis
       4.1) HDL Synthesis Report
  5) Advanced HDL Synthesis
       5.1) Advanced HDL Synthesis Report
  6) Low Level Synthesis
  7) Partition Report
  8) Design Summary
       8.1) Primitive and Black Box Usage
       8.2) Device utilization summary
       8.3) Partition Resource Summary
       8.4) Timing Report
            8.4.1) Clock Information
            8.4.2) Asynchronous Control Signals Information
            8.4.3) Timing Summary
            8.4.4) Timing Details
            8.4.5) Cross Clock Domains Report


=========================================================================
*                      Synthesis Options Summary                        *
=========================================================================
---- Source Parameters
Input File Name                    : "bit_adder.prj"
Ignore Synthesis Constraint File   : NO

---- Target Parameters
Output File Name                   : "bit_adder"
Output Format                      : NGC
Target Device                      : xc7a100t-1-csg324

---- Source Options
Top Module Name                    : bit_adder
Automatic FSM Extraction           : YES
FSM Encoding Algorithm             : Auto
Safe Implementation                : No
FSM Style                          : LUT
RAM Extraction                     : Yes
RAM Style                          : Auto
ROM Extraction                     : Yes
Shift Register Extraction          : YES
ROM Style                          : Auto
Resource Sharing                   : YES
Asynchronous To Synchronous        : NO
Shift Register Minimum Size        : 2
Use DSP Block                      : Auto
Automatic Register Balancing       : No

---- Target Options
LUT Combining                      : Auto
Reduce Control Sets                : Auto
Add IO Buffers                     : YES
Global Maximum Fanout              : 100000
Add Generic Clock Buffer(BUFG)     : 32
Register Duplication               : YES
Optimize Instantiated Primitives   : NO
Use Clock Enable                   : Auto
Use Synchronous Set                : Auto
Use Synchronous Reset              : Auto
Pack IO Registers into IOBs        : Auto
Equivalent register Removal        : YES

---- General Options
Optimization Goal                  : Speed
Optimization Effort                : 1
Power Reduction                    : NO
Keep Hierarchy                     : No
Netlist Hierarchy                  : As_Optimized
RTL Output                         : Yes
Global Optimization                : AllClockNets
Read Cores                         : YES
Write Timing Constraints           : NO
Cross Clock Analysis               : NO
Hierarchy Separator                : /
Bus Delimiter                      : <>
Case Specifier                     : Maintain
Slice Utilization Ratio            : 100
BRAM Utilization Ratio             : 100
DSP48 Utilization Ratio            : 100
Auto BRAM Packing                  : NO
Slice Utilization Ratio Delta      : 5

=========================================================================


=========================================================================
*                          HDL Parsing                                  *
=========================================================================
Analyzing Verilog file "F:\xilinxFiles\BitAdder\shift_Register_sipo.v" into library work
Parsing module <shift_Register_sipo>.
Analyzing Verilog file "F:\xilinxFiles\BitAdder\shift_register.v" into library work
Parsing module <shift_registerpiso>.
Analyzing Verilog file "F:\xilinxFiles\BitAdder\full_Adder.v" into library work
Parsing module <full_adder>.
Analyzing Verilog file "F:\xilinxFiles\BitAdder\D_flip_flop.v" into library work
Parsing module <D_flip_flop>.
Analyzing Verilog file "F:\xilinxFiles\BitAdder\bit_adder.v" into library work
Parsing module <bit_adder>.

=========================================================================
*                            HDL Elaboration                            *
=========================================================================

Elaborating module <bit_adder>.

Elaborating module <full_adder>.

Elaborating module <D_flip_flop>.

Elaborating module <shift_Register_sipo>.
WARNING:HDLCompiler:413 - "F:\xilinxFiles\BitAdder\shift_Register_sipo.v" Line 41: Result of 2-bit expression is truncated to fit in 1-bit target.

Elaborating module <shift_registerpiso>.

=========================================================================
*                           HDL Synthesis                               *
=========================================================================

Synthesizing Unit <bit_adder>.
    Related source file is "F:\xilinxFiles\BitAdder\bit_adder.v".
    Summary:
	no macro.
Unit <bit_adder> synthesized.

Synthesizing Unit <full_adder>.
    Related source file is "F:\xilinxFiles\BitAdder\full_Adder.v".
    Summary:
Unit <full_adder> synthesized.

Synthesizing Unit <D_flip_flop>.
    Related source file is "F:\xilinxFiles\BitAdder\D_flip_flop.v".
    Found 1-bit register for signal <Q>.
    Summary:
	inferred   1 D-type flip-flop(s).
Unit <D_flip_flop> synthesized.

Synthesizing Unit <shift_Register_sipo>.
    Related source file is "F:\xilinxFiles\BitAdder\shift_Register_sipo.v".
    Found 6-bit register for signal <temp<6:1>>.
    Found 7-bit register for signal <out>.
    WARNING:Xst:2404 -  FFs/Latches <out<7:7>> (without init value) have a constant value of 0 in block <shift_Register_sipo>.
    Summary:
	inferred  13 D-type flip-flop(s).
Unit <shift_Register_sipo> synthesized.

Synthesizing Unit <shift_registerpiso>.
    Related source file is "F:\xilinxFiles\BitAdder\shift_register.v".
    Found 1-bit register for signal <out>.
    Found 8-bit register for signal <temp>.
    Summary:
	inferred   9 D-type flip-flop(s).
	inferred   1 Multiplexer(s).
Unit <shift_registerpiso> synthesized.

=========================================================================
HDL Synthesis Report

Macro Statistics
# Registers                                            : 7
 1-bit register                                        : 3
 6-bit register                                        : 1
 7-bit register                                        : 1
 8-bit register                                        : 2
# Multiplexers                                         : 2
 8-bit 2-to-1 multiplexer                              : 2
# Xors                                                 : 2
 1-bit xor2                                            : 2

=========================================================================

=========================================================================
*                       Advanced HDL Synthesis                          *
=========================================================================

INFO:Xst:2261 - The FF/Latch <temp_1> in Unit <sum_> is equivalent to the following FF/Latch, which will be removed : <out_1> 
INFO:Xst:2261 - The FF/Latch <temp_6> in Unit <sum_> is equivalent to the following FF/Latch, which will be removed : <out_6> 
INFO:Xst:2261 - The FF/Latch <temp_2> in Unit <sum_> is equivalent to the following FF/Latch, which will be removed : <out_2> 
INFO:Xst:2261 - The FF/Latch <temp_3> in Unit <sum_> is equivalent to the following FF/Latch, which will be removed : <out_3> 
INFO:Xst:2261 - The FF/Latch <temp_4> in Unit <sum_> is equivalent to the following FF/Latch, which will be removed : <out_4> 
INFO:Xst:2261 - The FF/Latch <temp_5> in Unit <sum_> is equivalent to the following FF/Latch, which will be removed : <out_5> 

=========================================================================
Advanced HDL Synthesis Report

Macro Statistics
# Registers                                            : 32
 Flip-Flops                                            : 32
# Multiplexers                                         : 2
 8-bit 2-to-1 multiplexer                              : 2
# Xors                                                 : 2
 1-bit xor2                                            : 2

=========================================================================

=========================================================================
*                         Low Level Synthesis                           *
=========================================================================
INFO:Xst:2261 - The FF/Latch <temp_1> in Unit <shift_Register_sipo> is equivalent to the following FF/Latch, which will be removed : <out_1> 
INFO:Xst:2261 - The FF/Latch <temp_6> in Unit <shift_Register_sipo> is equivalent to the following FF/Latch, which will be removed : <out_6> 
INFO:Xst:2261 - The FF/Latch <temp_2> in Unit <shift_Register_sipo> is equivalent to the following FF/Latch, which will be removed : <out_2> 
INFO:Xst:2261 - The FF/Latch <temp_3> in Unit <shift_Register_sipo> is equivalent to the following FF/Latch, which will be removed : <out_3> 
INFO:Xst:2261 - The FF/Latch <temp_4> in Unit <shift_Register_sipo> is equivalent to the following FF/Latch, which will be removed : <out_4> 
INFO:Xst:2261 - The FF/Latch <temp_5> in Unit <shift_Register_sipo> is equivalent to the following FF/Latch, which will be removed : <out_5> 

Optimizing unit <bit_adder> ...

Optimizing unit <shift_registerpiso> ...

Mapping all equations...
Building and optimizing final netlist ...
Found area constraint ratio of 100 (+ 5) on block bit_adder, actual ratio is 0.

Final Macro Processing ...

=========================================================================
Final Register Report

Macro Statistics
# Registers                                            : 26
 Flip-Flops                                            : 26

=========================================================================

=========================================================================
*                           Partition Report                            *
=========================================================================

Partition Implementation Status
-------------------------------

  No Partitions were found in this design.

-------------------------------

=========================================================================
*                            Design Summary                             *
=========================================================================

Top Level Output File Name         : bit_adder.ngc

Primitive and Black Box Usage:
------------------------------
# BELS                             : 19
#      GND                         : 1
#      LUT2                        : 2
#      LUT3                        : 16
# FlipFlops/Latches                : 26
#      FD                          : 24
#      FDR                         : 2
# Clock Buffers                    : 1
#      BUFGP                       : 1
# IO Buffers                       : 25
#      IBUF                        : 17
#      OBUF                        : 8

Device utilization summary:
---------------------------

Selected Device : 7a100tcsg324-1 


Slice Logic Utilization: 
 Number of Slice Registers:              26  out of  126800     0%  
 Number of Slice LUTs:                   18  out of  63400     0%  
    Number used as Logic:                18  out of  63400     0%  

Slice Logic Distribution: 
 Number of LUT Flip Flop pairs used:     26
   Number with an unused Flip Flop:       0  out of     26     0%  
   Number with an unused LUT:             8  out of     26    30%  
   Number of fully used LUT-FF pairs:    18  out of     26    69%  
   Number of unique control sets:         2

IO Utilization: 
 Number of IOs:                          26
 Number of bonded IOBs:                  26  out of    210    12%  

Specific Feature Utilization:
 Number of BUFG/BUFGCTRLs:                1  out of     32     3%  

---------------------------
Partition Resource Summary:
---------------------------

  No Partitions were found in this design.

---------------------------


=========================================================================
Timing Report

NOTE: THESE TIMING NUMBERS ARE ONLY A SYNTHESIS ESTIMATE.
      FOR ACCURATE TIMING INFORMATION PLEASE REFER TO THE TRACE REPORT
      GENERATED AFTER PLACE-and-ROUTE.

Clock Information:
------------------
-----------------------------------+------------------------+-------+
Clock Signal                       | Clock buffer(FF name)  | Load  |
-----------------------------------+------------------------+-------+
clk                                | BUFGP                  | 26    |
-----------------------------------+------------------------+-------+

Asynchronous Control Signals Information:
----------------------------------------
No asynchronous control signals found in this design

Timing Summary:
---------------
Speed Grade: -1

   Minimum period: 1.354ns (Maximum Frequency: 738.552MHz)
   Minimum input arrival time before clock: 1.006ns
   Maximum output required time after clock: 0.883ns
   Maximum combinational path delay: No path found

Timing Details:
---------------
All values displayed in nanoseconds (ns)

=========================================================================
Timing constraint: Default period analysis for Clock 'clk'
  Clock period: 1.354ns (frequency: 738.552MHz)
  Total number of paths / destination ports: 28 / 24
-------------------------------------------------------------------------
Delay:               1.354ns (Levels of Logic = 1)
  Source:            A_in/out (FF)
  Destination:       dff/Q (FF)
  Source Clock:      clk rising
  Destination Clock: clk rising

  Data Path: A_in/out to dff/Q
                                Gate     Net
    Cell:in->out      fanout   Delay   Delay  Logical Name (Net Name)
    ----------------------------------------  ------------
     FDR:C->Q              2   0.478   0.722  A_in/out (A_in/out)
     LUT3:I0->O            1   0.124   0.000  fa/Cout1 (Cout)
     FD:D                      0.030          dff/Q
    ----------------------------------------
    Total                      1.354ns (0.632ns logic, 0.722ns route)
                                       (46.7% logic, 53.3% route)

=========================================================================
Timing constraint: Default OFFSET IN BEFORE for Clock 'clk'
  Total number of paths / destination ports: 34 / 18
-------------------------------------------------------------------------
Offset:              1.006ns (Levels of Logic = 1)
  Source:            load (PAD)
  Destination:       B_in/out (FF)
  Destination Clock: clk rising

  Data Path: load to B_in/out
                                Gate     Net
    Cell:in->out      fanout   Delay   Delay  Logical Name (Net Name)
    ----------------------------------------  ------------
     IBUF:I->O            18   0.001   0.511  load_IBUF (load_IBUF)
     FDR:R                     0.494          B_in/out
    ----------------------------------------
    Total                      1.006ns (0.495ns logic, 0.511ns route)
                                       (49.2% logic, 50.8% route)

=========================================================================
Timing constraint: Default OFFSET OUT AFTER for Clock 'clk'
  Total number of paths / destination ports: 7 / 7
-------------------------------------------------------------------------
Offset:              0.883ns (Levels of Logic = 1)
  Source:            sum_/temp_6 (FF)
  Destination:       sum<6> (PAD)
  Source Clock:      clk rising

  Data Path: sum_/temp_6 to sum<6>
                                Gate     Net
    Cell:in->out      fanout   Delay   Delay  Logical Name (Net Name)
    ----------------------------------------  ------------
     FD:C->Q               2   0.478   0.405  sum_/temp_6 (sum_/temp_6)
     OBUF:I->O                 0.000          sum_6_OBUF (sum<6>)
    ----------------------------------------
    Total                      0.883ns (0.478ns logic, 0.405ns route)
                                       (54.1% logic, 45.9% route)

=========================================================================

Cross Clock Domains Report:
--------------------------

Clock to Setup on destination clock clk
---------------+---------+---------+---------+---------+
               | Src:Rise| Src:Fall| Src:Rise| Src:Fall|
Source Clock   |Dest:Rise|Dest:Rise|Dest:Fall|Dest:Fall|
---------------+---------+---------+---------+---------+
clk            |    1.354|         |         |         |
---------------+---------+---------+---------+---------+

=========================================================================


Total REAL time to Xst completion: 14.00 secs
Total CPU time to Xst completion: 14.71 secs
 
--> 

Total memory usage is 4616320 kilobytes

Number of errors   :    0 (   0 filtered)
Number of warnings :    2 (   0 filtered)
Number of infos    :   12 (   0 filtered)

