Release 14.7 - xst P.20131013 (nt64)
Copyright (c) 1995-2013 Xilinx, Inc.  All rights reserved.
--> Parameter TMPDIR set to xst/projnav.tmp


Total REAL time to Xst completion: 0.00 secs
Total CPU time to Xst completion: 0.23 secs
 
--> Parameter xsthdpdir set to xst


Total REAL time to Xst completion: 0.00 secs
Total CPU time to Xst completion: 0.23 secs
 
--> Reading design: booth_multiplier.prj

TABLE OF CONTENTS
  1) Synthesis Options Summary
  2) HDL Parsing
  3) HDL Elaboration
  4) HDL Synthesis
       4.1) HDL Synthesis Report
  5) Advanced HDL Synthesis
       5.1) Advanced HDL Synthesis Report
  6) Low Level Synthesis
  7) Partition Report
  8) Design Summary
       8.1) Primitive and Black Box Usage
       8.2) Device utilization summary
       8.3) Partition Resource Summary
       8.4) Timing Report
            8.4.1) Clock Information
            8.4.2) Asynchronous Control Signals Information
            8.4.3) Timing Summary
            8.4.4) Timing Details
            8.4.5) Cross Clock Domains Report


=========================================================================
*                      Synthesis Options Summary                        *
=========================================================================
---- Source Parameters
Input File Name                    : "booth_multiplier.prj"
Ignore Synthesis Constraint File   : NO

---- Target Parameters
Output File Name                   : "booth_multiplier"
Output Format                      : NGC
Target Device                      : xc7a100t-1-csg324

---- Source Options
Top Module Name                    : booth_multiplier
Automatic FSM Extraction           : YES
FSM Encoding Algorithm             : Auto
Safe Implementation                : No
FSM Style                          : LUT
RAM Extraction                     : Yes
RAM Style                          : Auto
ROM Extraction                     : Yes
Shift Register Extraction          : YES
ROM Style                          : Auto
Resource Sharing                   : YES
Asynchronous To Synchronous        : NO
Shift Register Minimum Size        : 2
Use DSP Block                      : Auto
Automatic Register Balancing       : No

---- Target Options
LUT Combining                      : Auto
Reduce Control Sets                : Auto
Add IO Buffers                     : YES
Global Maximum Fanout              : 100000
Add Generic Clock Buffer(BUFG)     : 32
Register Duplication               : YES
Optimize Instantiated Primitives   : NO
Use Clock Enable                   : Auto
Use Synchronous Set                : Auto
Use Synchronous Reset              : Auto
Pack IO Registers into IOBs        : Auto
Equivalent register Removal        : YES

---- General Options
Optimization Goal                  : Speed
Optimization Effort                : 1
Power Reduction                    : NO
Keep Hierarchy                     : No
Netlist Hierarchy                  : As_Optimized
RTL Output                         : Yes
Global Optimization                : AllClockNets
Read Cores                         : YES
Write Timing Constraints           : NO
Cross Clock Analysis               : NO
Hierarchy Separator                : /
Bus Delimiter                      : <>
Case Specifier                     : Maintain
Slice Utilization Ratio            : 100
BRAM Utilization Ratio             : 100
DSP48 Utilization Ratio            : 100
Auto BRAM Packing                  : NO
Slice Utilization Ratio Delta      : 5

=========================================================================


=========================================================================
*                          HDL Parsing                                  *
=========================================================================
Analyzing Verilog file "C:\Users\gmadk\Desktop\KGP Acad\5th Sem\COA\COA Laboratory\Assignment 6 - Verilog\booth_multiplier\full_adder.v" into library work
Parsing module <full_adder>.
Analyzing Verilog file "C:\Users\gmadk\Desktop\KGP Acad\5th Sem\COA\COA Laboratory\Assignment 6 - Verilog\booth_multiplier\rca_8bit.v" into library work
Parsing module <rca_8bit>.
Analyzing Verilog file "C:\Users\gmadk\Desktop\KGP Acad\5th Sem\COA\COA Laboratory\Assignment 6 - Verilog\booth_multiplier\booth_multiplier.v" into library work
Parsing module <booth_multiplier>.

=========================================================================
*                            HDL Elaboration                            *
=========================================================================

Elaborating module <booth_multiplier>.

Elaborating module <rca_8bit>.

Elaborating module <full_adder>.
WARNING:HDLCompiler:1127 - "C:\Users\gmadk\Desktop\KGP Acad\5th Sem\COA\COA Laboratory\Assignment 6 - Verilog\booth_multiplier\booth_multiplier.v" Line 70: Assignment to Cout ignored, since the identifier is never used
WARNING:HDLCompiler:1127 - "C:\Users\gmadk\Desktop\KGP Acad\5th Sem\COA\COA Laboratory\Assignment 6 - Verilog\booth_multiplier\booth_multiplier.v" Line 71: Assignment to Cout ignored, since the identifier is never used

=========================================================================
*                           HDL Synthesis                               *
=========================================================================

Synthesizing Unit <booth_multiplier>.
    Related source file is "C:\Users\gmadk\Desktop\KGP Acad\5th Sem\COA\COA Laboratory\Assignment 6 - Verilog\booth_multiplier\booth_multiplier.v".
INFO:Xst:3210 - "C:\Users\gmadk\Desktop\KGP Acad\5th Sem\COA\COA Laboratory\Assignment 6 - Verilog\booth_multiplier\booth_multiplier.v" line 70: Output port <Cout> of the instance <addRes> is unconnected or connected to loadless signal.
INFO:Xst:3210 - "C:\Users\gmadk\Desktop\KGP Acad\5th Sem\COA\COA Laboratory\Assignment 6 - Verilog\booth_multiplier\booth_multiplier.v" line 71: Output port <Cout> of the instance <subRes> is unconnected or connected to loadless signal.
    Found 8-bit register for signal <Q>.
    Found 8-bit register for signal <B>.
    Found 1-bit register for signal <Q_minus_1>.
    Found 8-bit register for signal <A>.
    Found 1-bit comparator equal for signal <Q[0]_Q_minus_1_equal_2_o> created at line 48
    Summary:
	inferred  25 D-type flip-flop(s).
	inferred   1 Comparator(s).
	inferred   5 Multiplexer(s).
Unit <booth_multiplier> synthesized.

Synthesizing Unit <rca_8bit>.
    Related source file is "C:\Users\gmadk\Desktop\KGP Acad\5th Sem\COA\COA Laboratory\Assignment 6 - Verilog\booth_multiplier\rca_8bit.v".
    Summary:
	no macro.
Unit <rca_8bit> synthesized.

Synthesizing Unit <full_adder>.
    Related source file is "C:\Users\gmadk\Desktop\KGP Acad\5th Sem\COA\COA Laboratory\Assignment 6 - Verilog\booth_multiplier\full_adder.v".
    Summary:
Unit <full_adder> synthesized.

=========================================================================
HDL Synthesis Report

Macro Statistics
# Registers                                            : 4
 1-bit register                                        : 1
 8-bit register                                        : 3
# Comparators                                          : 1
 1-bit comparator equal                                : 1
# Multiplexers                                         : 5
 8-bit 2-to-1 multiplexer                              : 5
# Xors                                                 : 32
 1-bit xor2                                            : 32

=========================================================================

=========================================================================
*                       Advanced HDL Synthesis                          *
=========================================================================


=========================================================================
Advanced HDL Synthesis Report

Macro Statistics
# Registers                                            : 25
 Flip-Flops                                            : 25
# Comparators                                          : 1
 1-bit comparator equal                                : 1
# Multiplexers                                         : 5
 8-bit 2-to-1 multiplexer                              : 5
# Xors                                                 : 32
 1-bit xor2                                            : 32

=========================================================================

=========================================================================
*                         Low Level Synthesis                           *
=========================================================================
INFO:Xst:2261 - The FF/Latch <A_6> in Unit <booth_multiplier> is equivalent to the following FF/Latch, which will be removed : <A_7> 

Optimizing unit <booth_multiplier> ...

Optimizing unit <rca_8bit> ...

Mapping all equations...
Building and optimizing final netlist ...
Found area constraint ratio of 100 (+ 5) on block booth_multiplier, actual ratio is 0.

Final Macro Processing ...

=========================================================================
Final Register Report

Macro Statistics
# Registers                                            : 24
 Flip-Flops                                            : 24

=========================================================================

=========================================================================
*                           Partition Report                            *
=========================================================================

Partition Implementation Status
-------------------------------

  No Partitions were found in this design.

-------------------------------

=========================================================================
*                            Design Summary                             *
=========================================================================

Top Level Output File Name         : booth_multiplier.ngc

Primitive and Black Box Usage:
------------------------------
# BELS                             : 38
#      LUT3                        : 7
#      LUT4                        : 2
#      LUT5                        : 8
#      LUT6                        : 20
#      VCC                         : 1
# FlipFlops/Latches                : 24
#      FDE                         : 16
#      FDRE                        : 8
# Clock Buffers                    : 1
#      BUFGP                       : 1
# IO Buffers                       : 33
#      IBUF                        : 17
#      OBUF                        : 16

Device utilization summary:
---------------------------

Selected Device : 7a100tcsg324-1 


Slice Logic Utilization: 
 Number of Slice Registers:              24  out of  126800     0%  
 Number of Slice LUTs:                   37  out of  63400     0%  
    Number used as Logic:                37  out of  63400     0%  

Slice Logic Distribution: 
 Number of LUT Flip Flop pairs used:     46
   Number with an unused Flip Flop:      22  out of     46    47%  
   Number with an unused LUT:             9  out of     46    19%  
   Number of fully used LUT-FF pairs:    15  out of     46    32%  
   Number of unique control sets:         3

IO Utilization: 
 Number of IOs:                          34
 Number of bonded IOBs:                  34  out of    210    16%  

Specific Feature Utilization:
 Number of BUFG/BUFGCTRLs:                1  out of     32     3%  

---------------------------
Partition Resource Summary:
---------------------------

  No Partitions were found in this design.

---------------------------


=========================================================================
Timing Report

NOTE: THESE TIMING NUMBERS ARE ONLY A SYNTHESIS ESTIMATE.
      FOR ACCURATE TIMING INFORMATION PLEASE REFER TO THE TRACE REPORT
      GENERATED AFTER PLACE-and-ROUTE.

Clock Information:
------------------
-----------------------------------+------------------------+-------+
Clock Signal                       | Clock buffer(FF name)  | Load  |
-----------------------------------+------------------------+-------+
clk                                | BUFGP                  | 24    |
-----------------------------------+------------------------+-------+

Asynchronous Control Signals Information:
----------------------------------------
No asynchronous control signals found in this design

Timing Summary:
---------------
Speed Grade: -1

   Minimum period: 2.954ns (Maximum Frequency: 338.524MHz)
   Minimum input arrival time before clock: 1.240ns
   Maximum output required time after clock: 0.996ns
   Maximum combinational path delay: No path found

Timing Details:
---------------
All values displayed in nanoseconds (ns)

=========================================================================
Timing constraint: Default period analysis for Clock 'clk'
  Clock period: 2.954ns (frequency: 338.524MHz)
  Total number of paths / destination ports: 218 / 16
-------------------------------------------------------------------------
Delay:               2.954ns (Levels of Logic = 3)
  Source:            A_1 (FF)
  Destination:       A_5 (FF)
  Source Clock:      clk rising
  Destination Clock: clk rising

  Data Path: A_1 to A_5
                                Gate     Net
    Cell:in->out      fanout   Delay   Delay  Logical Name (Net Name)
    ----------------------------------------  ------------
     FDRE:C->Q             4   0.478   0.796  A_1 (A_1)
     LUT4:I0->O            4   0.124   0.736  addRes/fa_2/Cout1 (addRes/temp<1>)
     LUT5:I2->O            2   0.124   0.542  addRes/fa_6/Cout1 (addRes/temp<5>)
     LUT6:I4->O            1   0.124   0.000  Mmux_A[7]_A[7]_mux_10_OUT61 (A[7]_A[7]_mux_10_OUT<5>)
     FDRE:D                    0.030          A_5
    ----------------------------------------
    Total                      2.954ns (0.880ns logic, 2.074ns route)
                                       (29.8% logic, 70.2% route)

=========================================================================
Timing constraint: Default OFFSET IN BEFORE for Clock 'clk'
  Total number of paths / destination ports: 40 / 32
-------------------------------------------------------------------------
Offset:              1.240ns (Levels of Logic = 2)
  Source:            reset (PAD)
  Destination:       Q_7 (FF)
  Destination Clock: clk rising

  Data Path: reset to Q_7
                                Gate     Net
    Cell:in->out      fanout   Delay   Delay  Logical Name (Net Name)
    ----------------------------------------  ------------
     IBUF:I->O            24   0.001   1.085  reset_IBUF (reset_IBUF)
     LUT6:I0->O            1   0.124   0.000  Mmux_Q[7]_Mplier[7]_mux_13_OUT81 (Q[7]_Mplier[7]_mux_13_OUT<7>)
     FDE:D                     0.030          Q_7
    ----------------------------------------
    Total                      1.240ns (0.155ns logic, 1.085ns route)
                                       (12.5% logic, 87.5% route)

=========================================================================
Timing constraint: Default OFFSET OUT AFTER for Clock 'clk'
  Total number of paths / destination ports: 16 / 16
-------------------------------------------------------------------------
Offset:              0.996ns (Levels of Logic = 1)
  Source:            Q_0 (FF)
  Destination:       product<0> (PAD)
  Source Clock:      clk rising

  Data Path: Q_0 to product<0>
                                Gate     Net
    Cell:in->out      fanout   Delay   Delay  Logical Name (Net Name)
    ----------------------------------------  ------------
     FDE:C->Q             19   0.478   0.518  Q_0 (Q_0)
     OBUF:I->O                 0.000          product_0_OBUF (product<0>)
    ----------------------------------------
    Total                      0.996ns (0.478ns logic, 0.518ns route)
                                       (48.0% logic, 52.0% route)

=========================================================================

Cross Clock Domains Report:
--------------------------

Clock to Setup on destination clock clk
---------------+---------+---------+---------+---------+
               | Src:Rise| Src:Fall| Src:Rise| Src:Fall|
Source Clock   |Dest:Rise|Dest:Rise|Dest:Fall|Dest:Fall|
---------------+---------+---------+---------+---------+
clk            |    2.954|         |         |         |
---------------+---------+---------+---------+---------+

=========================================================================


Total REAL time to Xst completion: 10.00 secs
Total CPU time to Xst completion: 10.11 secs
 
--> 

Total memory usage is 4616884 kilobytes

Number of errors   :    0 (   0 filtered)
Number of warnings :    2 (   0 filtered)
Number of infos    :    3 (   0 filtered)

